    Checking arbit_hub v0.1.0 (C:\Dev\ArbitBotBM\arbit_hub)
warning: unused import: `warn`
 --> src\execution.rs:2:17
  |
2 | use log::{info, warn};
  |                 ^^^^
  |
  = note: `#[warn(unused_imports)]` on by default

warning: unused imports: `info` and `warn`
 --> src\risk_manager.rs:7:11
  |
7 | use log::{info, warn};
  |           ^^^^  ^^^^

warning: unused import: `error`
 --> src\poller.rs:6:11
  |
6 | use log::{error, info};
  |           ^^^^^

warning: unused import: `Mutex`
  --> src\main.rs:13:22
   |
13 | use std::sync::{Arc, Mutex};
   |                      ^^^^^

warning: unused import: `std::collections::VecDeque`
  --> src\main.rs:14:5
   |
14 | use std::collections::VecDeque;
   |     ^^^^^^^^^^^^^^^^^^^^^^^^^^

warning: unused import: `rust_decimal::prelude`
 --> src\risk_manager.rs:5:5
  |
5 | use rust_decimal::prelude::*;
  |     ^^^^^^^^^^^^^^^^^^^^^

error[E0596]: cannot borrow `execution_actor` as mutable, as it is not declared as mutable
  --> src\main.rs:45:9
   |
45 |         execution_actor.run().await;
   |         ^^^^^^^^^^^^^^^ cannot borrow as mutable
   |
help: consider changing this to be mutable
   |
43 |     let mut execution_actor = ExecutionActor::new(exec_rx);
   |         +++

For more information about this error, try `rustc --explain E0596`.
warning: `arbit_hub` (bin "arbit_hub") generated 6 warnings
error: could not compile `arbit_hub` (bin "arbit_hub") due to 1 previous error; 6 warnings emitted
